[0.254s] Invoking command in '/home/lujianyi/Documents/rb1101/build/rb1101_gz': CMAKE_PREFIX_PATH=${CMAKE_PREFIX_PATH}:/opt/ros/jazzy DEBUGINFOD_URLS=https://debuginfod.ubuntu.com /usr/bin/cmake /home/lujianyi/Documents/rb1101/src/rb1110_gz -DAMENT_CMAKE_SYMLINK_INSTALL=1 -DCMAKE_INSTALL_PREFIX=/home/lujianyi/Documents/rb1101/install/rb1101_gz
[0.367s] -- The C compiler identification is GNU 13.3.0
[0.459s] -- The CXX compiler identification is GNU 13.3.0
[0.482s] -- Detecting C compiler ABI info
[0.599s] -- Detecting C compiler ABI info - done
[0.612s] -- Check for working C compiler: /usr/bin/cc - skipped
[0.612s] -- Detecting C compile features
[0.612s] -- Detecting C compile features - done
[0.626s] -- Detecting CXX compiler ABI info
[0.748s] -- Detecting CXX compiler ABI info - done
[0.760s] -- Check for working CXX compiler: /usr/bin/c++ - skipped
[0.760s] -- Detecting CXX compile features
[0.761s] -- Detecting CXX compile features - done
[0.768s] -- Found ament_cmake: 2.5.4 (/opt/ros/jazzy/share/ament_cmake/cmake)
[0.946s] -- Found Python3: /usr/bin/python3 (found version "3.12.3") found components: Interpreter 
[1.043s] -- Override CMake install command with custom implementation using symlinks instead of copying resources
[1.204s] -- Configuring done (0.9s)
[1.207s] -- Generating done (0.0s)
[1.208s] -- Build files have been written to: /home/lujianyi/Documents/rb1101/build/rb1101_gz
[1.215s] Invoked command in '/home/lujianyi/Documents/rb1101/build/rb1101_gz' returned '0': CMAKE_PREFIX_PATH=${CMAKE_PREFIX_PATH}:/opt/ros/jazzy DEBUGINFOD_URLS=https://debuginfod.ubuntu.com /usr/bin/cmake /home/lujianyi/Documents/rb1101/src/rb1110_gz -DAMENT_CMAKE_SYMLINK_INSTALL=1 -DCMAKE_INSTALL_PREFIX=/home/lujianyi/Documents/rb1101/install/rb1101_gz
[1.216s] Invoking command in '/home/lujianyi/Documents/rb1101/build/rb1101_gz': CMAKE_PREFIX_PATH=${CMAKE_PREFIX_PATH}:/opt/ros/jazzy DEBUGINFOD_URLS=https://debuginfod.ubuntu.com /usr/bin/cmake --build /home/lujianyi/Documents/rb1101/build/rb1101_gz -- -j20 -l20
[1.263s] Invoked command in '/home/lujianyi/Documents/rb1101/build/rb1101_gz' returned '0': CMAKE_PREFIX_PATH=${CMAKE_PREFIX_PATH}:/opt/ros/jazzy DEBUGINFOD_URLS=https://debuginfod.ubuntu.com /usr/bin/cmake --build /home/lujianyi/Documents/rb1101/build/rb1101_gz -- -j20 -l20
[1.274s] Invoking command in '/home/lujianyi/Documents/rb1101/build/rb1101_gz': CMAKE_PREFIX_PATH=${CMAKE_PREFIX_PATH}:/opt/ros/jazzy DEBUGINFOD_URLS=https://debuginfod.ubuntu.com /usr/bin/cmake --install /home/lujianyi/Documents/rb1101/build/rb1101_gz
[1.285s] -- Install configuration: ""
[1.286s] -- Execute custom install script
[1.286s] -- Symlinking: /home/lujianyi/Documents/rb1101/install/rb1101_gz/share/rb1101_gz//launch/rb1101_gazebo.launch.py
[1.297s] -- Symlinking: /home/lujianyi/Documents/rb1101/install/rb1101_gz/share/rb1101_gz//meshes/ball_wheel_link.STL
[1.309s] -- Symlinking: /home/lujianyi/Documents/rb1101/install/rb1101_gz/share/rb1101_gz//meshes/base_camera_link.STL
[1.319s] -- Symlinking: /home/lujianyi/Documents/rb1101/install/rb1101_gz/share/rb1101_gz//meshes/base_laser_link.STL
[1.330s] -- Symlinking: /home/lujianyi/Documents/rb1101/install/rb1101_gz/share/rb1101_gz//meshes/base_link.STL
[1.341s] -- Symlinking: /home/lujianyi/Documents/rb1101/install/rb1101_gz/share/rb1101_gz//meshes/imu.STL
[1.353s] -- Symlinking: /home/lujianyi/Documents/rb1101/install/rb1101_gz/share/rb1101_gz//meshes/left_wheel_link.STL
[1.363s] -- Symlinking: /home/lujianyi/Documents/rb1101/install/rb1101_gz/share/rb1101_gz//meshes/nanocar/back_left_wheel_link.STL
[1.374s] -- Symlinking: /home/lujianyi/Documents/rb1101/install/rb1101_gz/share/rb1101_gz//meshes/nanocar/back_right_wheel_link.STL
[1.384s] -- Symlinking: /home/lujianyi/Documents/rb1101/install/rb1101_gz/share/rb1101_gz//meshes/nanocar/base_camera_link.STL
[1.394s] -- Symlinking: /home/lujianyi/Documents/rb1101/install/rb1101_gz/share/rb1101_gz//meshes/nanocar/base_laser_link.STL
[1.406s] -- Symlinking: /home/lujianyi/Documents/rb1101/install/rb1101_gz/share/rb1101_gz//meshes/nanocar/base_link.STL
[1.417s] -- Symlinking: /home/lujianyi/Documents/rb1101/install/rb1101_gz/share/rb1101_gz//meshes/nanocar/front_left_wheel_link.STL
[1.427s] -- Symlinking: /home/lujianyi/Documents/rb1101/install/rb1101_gz/share/rb1101_gz//meshes/nanocar/front_right_wheel_link.STL
[1.437s] -- Symlinking: /home/lujianyi/Documents/rb1101/install/rb1101_gz/share/rb1101_gz//meshes/nanocar/imu.STL
[1.448s] -- Symlinking: /home/lujianyi/Documents/rb1101/install/rb1101_gz/share/rb1101_gz//meshes/nanorobot/ball_wheel_link.STL
[1.460s] -- Symlinking: /home/lujianyi/Documents/rb1101/install/rb1101_gz/share/rb1101_gz//meshes/nanorobot/base_camera_link.STL
[1.470s] -- Symlinking: /home/lujianyi/Documents/rb1101/install/rb1101_gz/share/rb1101_gz//meshes/nanorobot/base_laser_link.STL
[1.479s] -- Symlinking: /home/lujianyi/Documents/rb1101/install/rb1101_gz/share/rb1101_gz//meshes/nanorobot/base_link.STL
[1.490s] -- Symlinking: /home/lujianyi/Documents/rb1101/install/rb1101_gz/share/rb1101_gz//meshes/nanorobot/imu.STL
[1.499s] -- Symlinking: /home/lujianyi/Documents/rb1101/install/rb1101_gz/share/rb1101_gz//meshes/nanorobot/left_wheel_link.STL
[1.511s] -- Symlinking: /home/lujianyi/Documents/rb1101/install/rb1101_gz/share/rb1101_gz//meshes/nanorobot/right_wheel_link.STL
[1.521s] -- Symlinking: /home/lujianyi/Documents/rb1101/install/rb1101_gz/share/rb1101_gz//meshes/nist maze wall 120/3/materials/textures/plywood256x256.png
[1.533s] -- Symlinking: /home/lujianyi/Documents/rb1101/install/rb1101_gz/share/rb1101_gz//meshes/nist maze wall 120/3/meshes/nist_maze_wall_120.dae
[1.544s] -- Symlinking: /home/lujianyi/Documents/rb1101/install/rb1101_gz/share/rb1101_gz//meshes/nist maze wall 120/3/model-1_2.sdf
[1.554s] -- Symlinking: /home/lujianyi/Documents/rb1101/install/rb1101_gz/share/rb1101_gz//meshes/nist maze wall 120/3/model-1_3.sdf
[1.564s] -- Symlinking: /home/lujianyi/Documents/rb1101/install/rb1101_gz/share/rb1101_gz//meshes/nist maze wall 120/3/model-1_4.sdf
[1.574s] -- Symlinking: /home/lujianyi/Documents/rb1101/install/rb1101_gz/share/rb1101_gz//meshes/nist maze wall 120/3/model.config
[1.583s] -- Symlinking: /home/lujianyi/Documents/rb1101/install/rb1101_gz/share/rb1101_gz//meshes/nist maze wall 120/3/model.sdf
[1.594s] -- Symlinking: /home/lujianyi/Documents/rb1101/install/rb1101_gz/share/rb1101_gz//meshes/nist maze wall 120/3/thumbnails/1.png
[1.606s] -- Symlinking: /home/lujianyi/Documents/rb1101/install/rb1101_gz/share/rb1101_gz//meshes/nist maze wall 120/3/thumbnails/2.png
[1.615s] -- Symlinking: /home/lujianyi/Documents/rb1101/install/rb1101_gz/share/rb1101_gz//meshes/nist maze wall 120/3/thumbnails/3.png
[1.625s] -- Symlinking: /home/lujianyi/Documents/rb1101/install/rb1101_gz/share/rb1101_gz//meshes/nist maze wall 120/3/thumbnails/4.png
[1.635s] -- Symlinking: /home/lujianyi/Documents/rb1101/install/rb1101_gz/share/rb1101_gz//meshes/nist maze wall 120/3/thumbnails/5.png
[1.645s] -- Symlinking: /home/lujianyi/Documents/rb1101/install/rb1101_gz/share/rb1101_gz//meshes/right_wheel_link.STL
[1.656s] -- Symlinking: /home/lujianyi/Documents/rb1101/install/rb1101_gz/share/rb1101_gz//urdf/nanocar.gazebo.xacro
[1.667s] -- Symlinking: /home/lujianyi/Documents/rb1101/install/rb1101_gz/share/rb1101_gz//urdf/nanocar.urdf.xacro
[1.676s] -- Symlinking: /home/lujianyi/Documents/rb1101/install/rb1101_gz/share/rb1101_gz//urdf/nanocar_description.urdf
[1.686s] -- Symlinking: /home/lujianyi/Documents/rb1101/install/rb1101_gz/share/rb1101_gz//rviz/rb1101.rviz
[1.695s] -- Symlinking: /home/lujianyi/Documents/rb1101/install/rb1101_gz/share/rb1101_gz//worlds/empty.sdf
[1.705s] -- Symlinking: /home/lujianyi/Documents/rb1101/install/rb1101_gz/share/rb1101_gz//worlds/rb1101_world.sdf
[1.715s] -- Symlinking: /home/lujianyi/Documents/rb1101/install/rb1101_gz/share/ament_index/resource_index/package_run_dependencies/rb1101_gz
[1.726s] -- Symlinking: /home/lujianyi/Documents/rb1101/install/rb1101_gz/share/ament_index/resource_index/parent_prefix_path/rb1101_gz
[1.736s] -- Symlinking: /home/lujianyi/Documents/rb1101/install/rb1101_gz/share/rb1101_gz/environment/ament_prefix_path.sh
[1.749s] -- Symlinking: /home/lujianyi/Documents/rb1101/install/rb1101_gz/share/rb1101_gz/environment/ament_prefix_path.dsv
[1.760s] -- Symlinking: /home/lujianyi/Documents/rb1101/install/rb1101_gz/share/rb1101_gz/environment/path.sh
[1.770s] -- Symlinking: /home/lujianyi/Documents/rb1101/install/rb1101_gz/share/rb1101_gz/environment/path.dsv
[1.780s] -- Symlinking: /home/lujianyi/Documents/rb1101/install/rb1101_gz/share/rb1101_gz/local_setup.bash
[1.789s] -- Symlinking: /home/lujianyi/Documents/rb1101/install/rb1101_gz/share/rb1101_gz/local_setup.sh
[1.798s] -- Symlinking: /home/lujianyi/Documents/rb1101/install/rb1101_gz/share/rb1101_gz/local_setup.zsh
[1.810s] -- Symlinking: /home/lujianyi/Documents/rb1101/install/rb1101_gz/share/rb1101_gz/local_setup.dsv
[1.818s] -- Symlinking: /home/lujianyi/Documents/rb1101/install/rb1101_gz/share/rb1101_gz/package.dsv
[1.829s] -- Symlinking: /home/lujianyi/Documents/rb1101/install/rb1101_gz/share/ament_index/resource_index/packages/rb1101_gz
[1.838s] -- Symlinking: /home/lujianyi/Documents/rb1101/install/rb1101_gz/share/rb1101_gz/cmake/ament_cmake_export_dependencies-extras.cmake
[1.848s] -- Symlinking: /home/lujianyi/Documents/rb1101/install/rb1101_gz/share/rb1101_gz/cmake/rb1101_gzConfig.cmake
[1.857s] -- Symlinking: /home/lujianyi/Documents/rb1101/install/rb1101_gz/share/rb1101_gz/cmake/rb1101_gzConfig-version.cmake
[1.868s] -- Symlinking: /home/lujianyi/Documents/rb1101/install/rb1101_gz/share/rb1101_gz/package.xml
[1.878s] Invoked command in '/home/lujianyi/Documents/rb1101/build/rb1101_gz' returned '0': CMAKE_PREFIX_PATH=${CMAKE_PREFIX_PATH}:/opt/ros/jazzy DEBUGINFOD_URLS=https://debuginfod.ubuntu.com /usr/bin/cmake --install /home/lujianyi/Documents/rb1101/build/rb1101_gz
