[0.291s] DEBUG:colcon:Command line arguments: ['/usr/bin/colcon', 'build', '--symlink-install']
[0.291s] DEBUG:colcon:Parsed command line arguments: Namespace(log_base=None, log_level=None, verb_name='build', build_base='build', install_base='install', merge_install=False, symlink_install=True, test_result_base=None, continue_on_error=False, executor='parallel', parallel_workers=20, event_handlers=None, ignore_user_meta=False, metas=['./colcon.meta'], base_paths=['.'], packages_ignore=None, packages_ignore_regex=None, paths=None, packages_up_to=None, packages_up_to_regex=None, packages_above=None, packages_above_and_dependencies=None, packages_above_depth=None, packages_select_by_dep=None, packages_skip_by_dep=None, packages_skip_up_to=None, packages_select_build_failed=False, packages_skip_build_finished=False, packages_select_test_failures=False, packages_skip_test_passed=False, packages_select=None, packages_skip=None, packages_select_regex=None, packages_skip_regex=None, packages_start=None, packages_end=None, allow_overriding=[], cmake_args=None, cmake_target=None, cmake_target_skip_unavailable=False, cmake_clean_cache=False, cmake_clean_first=False, cmake_force_configure=False, ament_cmake_args=None, catkin_cmake_args=None, catkin_skip_building_tests=False, mixin_files=None, mixin=None, verb_parser=<colcon_mixin.mixin.mixin_argument.MixinArgumentDecorator object at 0x763199577da0>, verb_extension=<colcon_core.verb.build.BuildVerb object at 0x763199577980>, main=<bound method BuildVerb.main of <colcon_core.verb.build.BuildVerb object at 0x763199577980>>, mixin_verb=('build',))
[0.393s] Level 1:colcon.colcon_core.package_discovery:discover_packages(colcon_meta) check parameters
[0.393s] Level 1:colcon.colcon_core.package_discovery:discover_packages(recursive) check parameters
[0.393s] Level 1:colcon.colcon_core.package_discovery:discover_packages(ignore) check parameters
[0.393s] Level 1:colcon.colcon_core.package_discovery:discover_packages(path) check parameters
[0.394s] Level 1:colcon.colcon_core.package_discovery:discover_packages(colcon_meta) discover
[0.394s] Level 1:colcon.colcon_core.package_discovery:discover_packages(recursive) discover
[0.394s] INFO:colcon.colcon_core.package_discovery:Crawling recursively for packages in '/home/lujianyi/Documents/rb1101'
[0.394s] Level 1:colcon.colcon_core.package_identification:_identify(.) by extensions ['ignore', 'ignore_ament_install']
[0.395s] Level 1:colcon.colcon_core.package_identification:_identify(.) by extension 'ignore'
[0.395s] Level 1:colcon.colcon_core.package_identification:_identify(.) by extension 'ignore_ament_install'
[0.395s] Level 1:colcon.colcon_core.package_identification:_identify(.) by extensions ['colcon_pkg']
[0.395s] Level 1:colcon.colcon_core.package_identification:_identify(.) by extension 'colcon_pkg'
[0.395s] Level 1:colcon.colcon_core.package_identification:_identify(.) by extensions ['colcon_meta']
[0.395s] Level 1:colcon.colcon_core.package_identification:_identify(.) by extension 'colcon_meta'
[0.395s] Level 1:colcon.colcon_core.package_identification:_identify(.) by extensions ['ros']
[0.395s] Level 1:colcon.colcon_core.package_identification:_identify(.) by extension 'ros'
[0.461s] Level 1:colcon.colcon_core.package_identification:_identify(.) by extensions ['cmake', 'python']
[0.461s] Level 1:colcon.colcon_core.package_identification:_identify(.) by extension 'cmake'
[0.461s] Level 1:colcon.colcon_core.package_identification:_identify(.) by extension 'python'
[0.461s] Level 1:colcon.colcon_core.package_identification:_identify(.) by extensions ['python_setup_py']
[0.461s] Level 1:colcon.colcon_core.package_identification:_identify(.) by extension 'python_setup_py'
[0.461s] Level 1:colcon.colcon_core.package_identification:_identify(build) by extensions ['ignore', 'ignore_ament_install']
[0.462s] Level 1:colcon.colcon_core.package_identification:_identify(build) by extension 'ignore'
[0.462s] Level 1:colcon.colcon_core.package_identification:_identify(build) ignored
[0.462s] Level 1:colcon.colcon_core.package_identification:_identify(install) by extensions ['ignore', 'ignore_ament_install']
[0.462s] Level 1:colcon.colcon_core.package_identification:_identify(install) by extension 'ignore'
[0.463s] Level 1:colcon.colcon_core.package_identification:_identify(install) ignored
[0.463s] Level 1:colcon.colcon_core.package_identification:_identify(log) by extensions ['ignore', 'ignore_ament_install']
[0.463s] Level 1:colcon.colcon_core.package_identification:_identify(log) by extension 'ignore'
[0.464s] Level 1:colcon.colcon_core.package_identification:_identify(log) ignored
[0.464s] Level 1:colcon.colcon_core.package_identification:_identify(src) by extensions ['ignore', 'ignore_ament_install']
[0.464s] Level 1:colcon.colcon_core.package_identification:_identify(src) by extension 'ignore'
[0.465s] Level 1:colcon.colcon_core.package_identification:_identify(src) by extension 'ignore_ament_install'
[0.465s] Level 1:colcon.colcon_core.package_identification:_identify(src) by extensions ['colcon_pkg']
[0.465s] Level 1:colcon.colcon_core.package_identification:_identify(src) by extension 'colcon_pkg'
[0.465s] Level 1:colcon.colcon_core.package_identification:_identify(src) by extensions ['colcon_meta']
[0.465s] Level 1:colcon.colcon_core.package_identification:_identify(src) by extension 'colcon_meta'
[0.465s] Level 1:colcon.colcon_core.package_identification:_identify(src) by extensions ['ros']
[0.465s] Level 1:colcon.colcon_core.package_identification:_identify(src) by extension 'ros'
[0.465s] Level 1:colcon.colcon_core.package_identification:_identify(src) by extensions ['cmake', 'python']
[0.465s] Level 1:colcon.colcon_core.package_identification:_identify(src) by extension 'cmake'
[0.466s] Level 1:colcon.colcon_core.package_identification:_identify(src) by extension 'python'
[0.466s] Level 1:colcon.colcon_core.package_identification:_identify(src) by extensions ['python_setup_py']
[0.466s] Level 1:colcon.colcon_core.package_identification:_identify(src) by extension 'python_setup_py'
[0.466s] Level 1:colcon.colcon_core.package_identification:_identify(src/rb1101) by extensions ['ignore', 'ignore_ament_install']
[0.466s] Level 1:colcon.colcon_core.package_identification:_identify(src/rb1101) by extension 'ignore'
[0.466s] Level 1:colcon.colcon_core.package_identification:_identify(src/rb1101) by extension 'ignore_ament_install'
[0.466s] Level 1:colcon.colcon_core.package_identification:_identify(src/rb1101) by extensions ['colcon_pkg']
[0.466s] Level 1:colcon.colcon_core.package_identification:_identify(src/rb1101) by extension 'colcon_pkg'
[0.466s] Level 1:colcon.colcon_core.package_identification:_identify(src/rb1101) by extensions ['colcon_meta']
[0.466s] Level 1:colcon.colcon_core.package_identification:_identify(src/rb1101) by extension 'colcon_meta'
[0.467s] Level 1:colcon.colcon_core.package_identification:_identify(src/rb1101) by extensions ['ros']
[0.467s] Level 1:colcon.colcon_core.package_identification:_identify(src/rb1101) by extension 'ros'
[0.470s] DEBUG:colcon.colcon_core.package_identification:Package 'src/rb1101' with type 'ros.ament_python' and name 'rb1101'
[0.470s] Level 1:colcon.colcon_core.package_identification:_identify(src/rb1110_gz) by extensions ['ignore', 'ignore_ament_install']
[0.470s] Level 1:colcon.colcon_core.package_identification:_identify(src/rb1110_gz) by extension 'ignore'
[0.470s] Level 1:colcon.colcon_core.package_identification:_identify(src/rb1110_gz) by extension 'ignore_ament_install'
[0.471s] Level 1:colcon.colcon_core.package_identification:_identify(src/rb1110_gz) by extensions ['colcon_pkg']
[0.471s] Level 1:colcon.colcon_core.package_identification:_identify(src/rb1110_gz) by extension 'colcon_pkg'
[0.471s] Level 1:colcon.colcon_core.package_identification:_identify(src/rb1110_gz) by extensions ['colcon_meta']
[0.471s] Level 1:colcon.colcon_core.package_identification:_identify(src/rb1110_gz) by extension 'colcon_meta'
[0.471s] Level 1:colcon.colcon_core.package_identification:_identify(src/rb1110_gz) by extensions ['ros']
[0.471s] Level 1:colcon.colcon_core.package_identification:_identify(src/rb1110_gz) by extension 'ros'
[0.471s] DEBUG:colcon.colcon_core.package_identification:Package 'src/rb1110_gz' with type 'ros.ament_cmake' and name 'rb1101_gz'
[0.471s] Level 1:colcon.colcon_core.package_discovery:discover_packages(recursive) using defaults
[0.472s] Level 1:colcon.colcon_core.package_discovery:discover_packages(ignore) discover
[0.472s] Level 1:colcon.colcon_core.package_discovery:discover_packages(ignore) using defaults
[0.472s] Level 1:colcon.colcon_core.package_discovery:discover_packages(path) discover
[0.472s] Level 1:colcon.colcon_core.package_discovery:discover_packages(path) using defaults
[0.498s] Level 1:colcon.colcon_core.package_discovery:discover_packages(prefix_path) check parameters
[0.498s] Level 1:colcon.colcon_core.package_discovery:discover_packages(prefix_path) discover
[0.501s] DEBUG:colcon.colcon_installed_package_information.package_discovery:Found 315 installed packages in /opt/ros/jazzy
[0.502s] Level 1:colcon.colcon_core.package_discovery:discover_packages(prefix_path) using defaults
[0.556s] Level 5:colcon.colcon_core.verb:set package 'rb1101' build argument 'cmake_args' from command line to 'None'
[0.556s] Level 5:colcon.colcon_core.verb:set package 'rb1101' build argument 'cmake_target' from command line to 'None'
[0.557s] Level 5:colcon.colcon_core.verb:set package 'rb1101' build argument 'cmake_target_skip_unavailable' from command line to 'False'
[0.557s] Level 5:colcon.colcon_core.verb:set package 'rb1101' build argument 'cmake_clean_cache' from command line to 'False'
[0.557s] Level 5:colcon.colcon_core.verb:set package 'rb1101' build argument 'cmake_clean_first' from command line to 'False'
[0.557s] Level 5:colcon.colcon_core.verb:set package 'rb1101' build argument 'cmake_force_configure' from command line to 'False'
[0.557s] Level 5:colcon.colcon_core.verb:set package 'rb1101' build argument 'ament_cmake_args' from command line to 'None'
[0.557s] Level 5:colcon.colcon_core.verb:set package 'rb1101' build argument 'catkin_cmake_args' from command line to 'None'
[0.557s] Level 5:colcon.colcon_core.verb:set package 'rb1101' build argument 'catkin_skip_building_tests' from command line to 'False'
[0.557s] DEBUG:colcon.colcon_core.verb:Building package 'rb1101' with the following arguments: {'ament_cmake_args': None, 'build_base': '/home/lujianyi/Documents/rb1101/build/rb1101', 'catkin_cmake_args': None, 'catkin_skip_building_tests': False, 'cmake_args': None, 'cmake_clean_cache': False, 'cmake_clean_first': False, 'cmake_force_configure': False, 'cmake_target': None, 'cmake_target_skip_unavailable': False, 'install_base': '/home/lujianyi/Documents/rb1101/install/rb1101', 'merge_install': False, 'path': '/home/lujianyi/Documents/rb1101/src/rb1101', 'symlink_install': True, 'test_result_base': None}
[0.557s] Level 5:colcon.colcon_core.verb:set package 'rb1101_gz' build argument 'cmake_args' from command line to 'None'
[0.557s] Level 5:colcon.colcon_core.verb:set package 'rb1101_gz' build argument 'cmake_target' from command line to 'None'
[0.558s] Level 5:colcon.colcon_core.verb:set package 'rb1101_gz' build argument 'cmake_target_skip_unavailable' from command line to 'False'
[0.558s] Level 5:colcon.colcon_core.verb:set package 'rb1101_gz' build argument 'cmake_clean_cache' from command line to 'False'
[0.558s] Level 5:colcon.colcon_core.verb:set package 'rb1101_gz' build argument 'cmake_clean_first' from command line to 'False'
[0.558s] Level 5:colcon.colcon_core.verb:set package 'rb1101_gz' build argument 'cmake_force_configure' from command line to 'False'
[0.558s] Level 5:colcon.colcon_core.verb:set package 'rb1101_gz' build argument 'ament_cmake_args' from command line to 'None'
[0.558s] Level 5:colcon.colcon_core.verb:set package 'rb1101_gz' build argument 'catkin_cmake_args' from command line to 'None'
[0.558s] Level 5:colcon.colcon_core.verb:set package 'rb1101_gz' build argument 'catkin_skip_building_tests' from command line to 'False'
[0.558s] DEBUG:colcon.colcon_core.verb:Building package 'rb1101_gz' with the following arguments: {'ament_cmake_args': None, 'build_base': '/home/lujianyi/Documents/rb1101/build/rb1101_gz', 'catkin_cmake_args': None, 'catkin_skip_building_tests': False, 'cmake_args': None, 'cmake_clean_cache': False, 'cmake_clean_first': False, 'cmake_force_configure': False, 'cmake_target': None, 'cmake_target_skip_unavailable': False, 'install_base': '/home/lujianyi/Documents/rb1101/install/rb1101_gz', 'merge_install': False, 'path': '/home/lujianyi/Documents/rb1101/src/rb1110_gz', 'symlink_install': True, 'test_result_base': None}
[0.558s] INFO:colcon.colcon_core.executor:Executing jobs using 'parallel' executor
[0.559s] DEBUG:colcon.colcon_parallel_executor.executor.parallel:run_until_complete
[0.560s] INFO:colcon.colcon_ros.task.ament_python.build:Building ROS package in '/home/lujianyi/Documents/rb1101/src/rb1101' with build type 'ament_python'
[0.560s] Level 1:colcon.colcon_core.shell:create_environment_hook('rb1101', 'ament_prefix_path')
[0.562s] INFO:colcon.colcon_core.plugin_system:Skipping extension 'colcon_core.shell.bat': Not used on non-Windows systems
[0.563s] INFO:colcon.colcon_core.shell:Creating environment hook '/home/lujianyi/Documents/rb1101/install/rb1101/share/rb1101/hook/ament_prefix_path.ps1'
[0.563s] INFO:colcon.colcon_core.shell:Creating environment descriptor '/home/lujianyi/Documents/rb1101/install/rb1101/share/rb1101/hook/ament_prefix_path.dsv'
[0.564s] INFO:colcon.colcon_core.shell:Creating environment hook '/home/lujianyi/Documents/rb1101/install/rb1101/share/rb1101/hook/ament_prefix_path.sh'
[0.565s] INFO:colcon.colcon_core.shell:Skip shell extension 'powershell' for command environment: Not usable outside of PowerShell
[0.565s] DEBUG:colcon.colcon_core.shell:Skip shell extension 'dsv' for command environment
[0.570s] INFO:colcon.colcon_ros.task.ament_cmake.build:Building ROS package in '/home/lujianyi/Documents/rb1101/src/rb1110_gz' with build type 'ament_cmake'
[0.570s] INFO:colcon.colcon_cmake.task.cmake.build:Building CMake package in '/home/lujianyi/Documents/rb1101/src/rb1110_gz'
[0.571s] INFO:colcon.colcon_core.shell:Skip shell extension 'powershell' for command environment: Not usable outside of PowerShell
[0.571s] DEBUG:colcon.colcon_core.shell:Skip shell extension 'dsv' for command environment
[1.109s] INFO:colcon.colcon_core.task.python.build:Building Python package in '/home/lujianyi/Documents/rb1101/src/rb1101'
[1.109s] INFO:colcon.colcon_core.shell:Skip shell extension 'powershell' for command environment: Not usable outside of PowerShell
[1.109s] DEBUG:colcon.colcon_core.shell:Skip shell extension 'dsv' for command environment
[1.129s] DEBUG:colcon.colcon_core.event_handler.log_command:Invoking command in '/home/lujianyi/Documents/rb1101/build/rb1101_gz': CMAKE_PREFIX_PATH=${CMAKE_PREFIX_PATH}:/opt/ros/jazzy DEBUGINFOD_URLS=https://debuginfod.ubuntu.com /usr/bin/cmake --build /home/lujianyi/Documents/rb1101/build/rb1101_gz -- -j20 -l20
[1.221s] DEBUG:colcon.colcon_core.event_handler.log_command:Invoked command in '/home/lujianyi/Documents/rb1101/build/rb1101_gz' returned '0': CMAKE_PREFIX_PATH=${CMAKE_PREFIX_PATH}:/opt/ros/jazzy DEBUGINFOD_URLS=https://debuginfod.ubuntu.com /usr/bin/cmake --build /home/lujianyi/Documents/rb1101/build/rb1101_gz -- -j20 -l20
[1.238s] DEBUG:colcon.colcon_core.event_handler.log_command:Invoking command in '/home/lujianyi/Documents/rb1101/build/rb1101_gz': CMAKE_PREFIX_PATH=${CMAKE_PREFIX_PATH}:/opt/ros/jazzy DEBUGINFOD_URLS=https://debuginfod.ubuntu.com /usr/bin/cmake --install /home/lujianyi/Documents/rb1101/build/rb1101_gz
[1.276s] Level 1:colcon.colcon_core.environment:create_environment_scripts_only(rb1101_gz)
[1.276s] DEBUG:colcon.colcon_core.event_handler.log_command:Invoked command in '/home/lujianyi/Documents/rb1101/build/rb1101_gz' returned '0': CMAKE_PREFIX_PATH=${CMAKE_PREFIX_PATH}:/opt/ros/jazzy DEBUGINFOD_URLS=https://debuginfod.ubuntu.com /usr/bin/cmake --install /home/lujianyi/Documents/rb1101/build/rb1101_gz
[1.279s] Level 1:colcon.colcon_core.environment:checking '/home/lujianyi/Documents/rb1101/install/rb1101_gz' for CMake module files
[1.279s] Level 1:colcon.colcon_core.environment:checking '/home/lujianyi/Documents/rb1101/install/rb1101_gz' for CMake config files
[1.280s] Level 1:colcon.colcon_core.shell:create_environment_hook('rb1101_gz', 'cmake_prefix_path')
[1.280s] INFO:colcon.colcon_core.shell:Creating environment hook '/home/lujianyi/Documents/rb1101/install/rb1101_gz/share/rb1101_gz/hook/cmake_prefix_path.ps1'
[1.281s] INFO:colcon.colcon_core.shell:Creating environment descriptor '/home/lujianyi/Documents/rb1101/install/rb1101_gz/share/rb1101_gz/hook/cmake_prefix_path.dsv'
[1.281s] INFO:colcon.colcon_core.shell:Creating environment hook '/home/lujianyi/Documents/rb1101/install/rb1101_gz/share/rb1101_gz/hook/cmake_prefix_path.sh'
[1.282s] Level 1:colcon.colcon_core.environment:checking '/home/lujianyi/Documents/rb1101/install/rb1101_gz/bin'
[1.282s] Level 1:colcon.colcon_core.environment:checking '/home/lujianyi/Documents/rb1101/install/rb1101_gz/lib/pkgconfig/rb1101_gz.pc'
[1.283s] Level 1:colcon.colcon_core.environment:checking '/home/lujianyi/Documents/rb1101/install/rb1101_gz/lib/python3.12/site-packages'
[1.283s] Level 1:colcon.colcon_core.environment:checking '/home/lujianyi/Documents/rb1101/install/rb1101_gz/bin'
[1.283s] INFO:colcon.colcon_core.shell:Creating package script '/home/lujianyi/Documents/rb1101/install/rb1101_gz/share/rb1101_gz/package.ps1'
[1.284s] INFO:colcon.colcon_core.shell:Creating package descriptor '/home/lujianyi/Documents/rb1101/install/rb1101_gz/share/rb1101_gz/package.dsv'
[1.285s] INFO:colcon.colcon_core.shell:Creating package script '/home/lujianyi/Documents/rb1101/install/rb1101_gz/share/rb1101_gz/package.sh'
[1.286s] INFO:colcon.colcon_core.shell:Creating package script '/home/lujianyi/Documents/rb1101/install/rb1101_gz/share/rb1101_gz/package.bash'
[1.287s] INFO:colcon.colcon_core.shell:Creating package script '/home/lujianyi/Documents/rb1101/install/rb1101_gz/share/rb1101_gz/package.zsh'
[1.288s] Level 1:colcon.colcon_core.environment:create_file_with_runtime_dependencies(/home/lujianyi/Documents/rb1101/install/rb1101_gz/share/colcon-core/packages/rb1101_gz)
[1.289s] Level 1:colcon.colcon_core.environment:create_environment_scripts_only(rb1101_gz)
[1.289s] Level 1:colcon.colcon_core.environment:checking '/home/lujianyi/Documents/rb1101/install/rb1101_gz' for CMake module files
[1.290s] Level 1:colcon.colcon_core.environment:checking '/home/lujianyi/Documents/rb1101/install/rb1101_gz' for CMake config files
[1.290s] Level 1:colcon.colcon_core.shell:create_environment_hook('rb1101_gz', 'cmake_prefix_path')
[1.291s] INFO:colcon.colcon_core.shell:Creating environment hook '/home/lujianyi/Documents/rb1101/install/rb1101_gz/share/rb1101_gz/hook/cmake_prefix_path.ps1'
[1.291s] INFO:colcon.colcon_core.shell:Creating environment descriptor '/home/lujianyi/Documents/rb1101/install/rb1101_gz/share/rb1101_gz/hook/cmake_prefix_path.dsv'
[1.292s] INFO:colcon.colcon_core.shell:Creating environment hook '/home/lujianyi/Documents/rb1101/install/rb1101_gz/share/rb1101_gz/hook/cmake_prefix_path.sh'
[1.292s] Level 1:colcon.colcon_core.environment:checking '/home/lujianyi/Documents/rb1101/install/rb1101_gz/bin'
[1.292s] Level 1:colcon.colcon_core.environment:checking '/home/lujianyi/Documents/rb1101/install/rb1101_gz/lib/pkgconfig/rb1101_gz.pc'
[1.293s] Level 1:colcon.colcon_core.environment:checking '/home/lujianyi/Documents/rb1101/install/rb1101_gz/lib/python3.12/site-packages'
[1.293s] Level 1:colcon.colcon_core.environment:checking '/home/lujianyi/Documents/rb1101/install/rb1101_gz/bin'
[1.293s] INFO:colcon.colcon_core.shell:Creating package script '/home/lujianyi/Documents/rb1101/install/rb1101_gz/share/rb1101_gz/package.ps1'
[1.294s] INFO:colcon.colcon_core.shell:Creating package descriptor '/home/lujianyi/Documents/rb1101/install/rb1101_gz/share/rb1101_gz/package.dsv'
[1.295s] INFO:colcon.colcon_core.shell:Creating package script '/home/lujianyi/Documents/rb1101/install/rb1101_gz/share/rb1101_gz/package.sh'
[1.296s] INFO:colcon.colcon_core.shell:Creating package script '/home/lujianyi/Documents/rb1101/install/rb1101_gz/share/rb1101_gz/package.bash'
[1.296s] INFO:colcon.colcon_core.shell:Creating package script '/home/lujianyi/Documents/rb1101/install/rb1101_gz/share/rb1101_gz/package.zsh'
[1.297s] Level 1:colcon.colcon_core.environment:create_file_with_runtime_dependencies(/home/lujianyi/Documents/rb1101/install/rb1101_gz/share/colcon-core/packages/rb1101_gz)
[2.267s] DEBUG:colcon.colcon_core.event_handler.log_command:Invoking command in '/home/lujianyi/Documents/rb1101/build/rb1101': DEBUGINFOD_URLS=https://debuginfod.ubuntu.com PYTHONPATH=/home/lujianyi/Documents/rb1101/build/rb1101/prefix_override:/usr/lib/python3/dist-packages/colcon_core/task/python/colcon_distutils_commands:/home/lujianyi/Documents/rb1101/install/rb1101/lib/python3.12/site-packages:${PYTHONPATH} /usr/bin/python3 -W ignore:setup.py install is deprecated -W ignore:easy_install command is deprecated setup.py develop --editable --build-directory /home/lujianyi/Documents/rb1101/build/rb1101/build --no-deps symlink_data
[3.786s] Level 1:colcon.colcon_core.shell:create_environment_hook('rb1101', 'pythonpath_develop')
[3.787s] INFO:colcon.colcon_core.shell:Creating environment hook '/home/lujianyi/Documents/rb1101/build/rb1101/share/rb1101/hook/pythonpath_develop.ps1'
[3.788s] DEBUG:colcon.colcon_core.event_handler.log_command:Invoked command in '/home/lujianyi/Documents/rb1101/build/rb1101' returned '0': DEBUGINFOD_URLS=https://debuginfod.ubuntu.com PYTHONPATH=/home/lujianyi/Documents/rb1101/build/rb1101/prefix_override:/usr/lib/python3/dist-packages/colcon_core/task/python/colcon_distutils_commands:/home/lujianyi/Documents/rb1101/install/rb1101/lib/python3.12/site-packages:${PYTHONPATH} /usr/bin/python3 -W ignore:setup.py install is deprecated -W ignore:easy_install command is deprecated setup.py develop --editable --build-directory /home/lujianyi/Documents/rb1101/build/rb1101/build --no-deps symlink_data
[3.789s] INFO:colcon.colcon_core.shell:Creating environment descriptor '/home/lujianyi/Documents/rb1101/build/rb1101/share/rb1101/hook/pythonpath_develop.dsv'
[3.790s] INFO:colcon.colcon_core.shell:Creating environment hook '/home/lujianyi/Documents/rb1101/build/rb1101/share/rb1101/hook/pythonpath_develop.sh'
[3.791s] Level 1:colcon.colcon_core.environment:checking '/home/lujianyi/Documents/rb1101/install/rb1101' for CMake module files
[3.792s] Level 1:colcon.colcon_core.environment:checking '/home/lujianyi/Documents/rb1101/install/rb1101' for CMake config files
[3.793s] Level 1:colcon.colcon_core.environment:checking '/home/lujianyi/Documents/rb1101/install/rb1101/lib'
[3.794s] Level 1:colcon.colcon_core.environment:checking '/home/lujianyi/Documents/rb1101/install/rb1101/bin'
[3.794s] Level 1:colcon.colcon_core.environment:checking '/home/lujianyi/Documents/rb1101/install/rb1101/lib/pkgconfig/rb1101.pc'
[3.795s] Level 1:colcon.colcon_core.environment:checking '/home/lujianyi/Documents/rb1101/install/rb1101/lib/python3.12/site-packages'
[3.795s] Level 1:colcon.colcon_core.shell:create_environment_hook('rb1101', 'pythonpath')
[3.796s] INFO:colcon.colcon_core.shell:Creating environment hook '/home/lujianyi/Documents/rb1101/install/rb1101/share/rb1101/hook/pythonpath.ps1'
[3.797s] INFO:colcon.colcon_core.shell:Creating environment descriptor '/home/lujianyi/Documents/rb1101/install/rb1101/share/rb1101/hook/pythonpath.dsv'
[3.798s] INFO:colcon.colcon_core.shell:Creating environment hook '/home/lujianyi/Documents/rb1101/install/rb1101/share/rb1101/hook/pythonpath.sh'
[3.800s] Level 1:colcon.colcon_core.environment:checking '/home/lujianyi/Documents/rb1101/install/rb1101/bin'
[3.801s] Level 1:colcon.colcon_core.environment:create_environment_scripts_only(rb1101)
[3.801s] INFO:colcon.colcon_core.shell:Creating package script '/home/lujianyi/Documents/rb1101/install/rb1101/share/rb1101/package.ps1'
[3.803s] INFO:colcon.colcon_core.shell:Creating package descriptor '/home/lujianyi/Documents/rb1101/install/rb1101/share/rb1101/package.dsv'
[3.804s] INFO:colcon.colcon_core.shell:Creating package script '/home/lujianyi/Documents/rb1101/install/rb1101/share/rb1101/package.sh'
[3.805s] INFO:colcon.colcon_core.shell:Creating package script '/home/lujianyi/Documents/rb1101/install/rb1101/share/rb1101/package.bash'
[3.805s] INFO:colcon.colcon_core.shell:Creating package script '/home/lujianyi/Documents/rb1101/install/rb1101/share/rb1101/package.zsh'
[3.806s] Level 1:colcon.colcon_core.environment:create_file_with_runtime_dependencies(/home/lujianyi/Documents/rb1101/install/rb1101/share/colcon-core/packages/rb1101)
[3.808s] DEBUG:colcon.colcon_parallel_executor.executor.parallel:closing loop
[3.809s] DEBUG:colcon.colcon_parallel_executor.executor.parallel:loop closed
[3.809s] DEBUG:colcon.colcon_parallel_executor.executor.parallel:run_until_complete finished with '0'
[3.809s] DEBUG:colcon.colcon_core.event_reactor:joining thread
[3.824s] INFO:colcon.colcon_core.plugin_system:Skipping extension 'colcon_notification.desktop_notification.terminal_notifier': Not used on non-Darwin systems
[3.824s] INFO:colcon.colcon_core.plugin_system:Skipping extension 'colcon_notification.desktop_notification.win32': Not used on non-Windows systems
[3.824s] INFO:colcon.colcon_notification.desktop_notification:Sending desktop notification using 'notify2'
[3.871s] DEBUG:colcon.colcon_core.event_reactor:joined thread
[3.872s] INFO:colcon.colcon_core.shell:Creating prefix script '/home/lujianyi/Documents/rb1101/install/local_setup.ps1'
[3.874s] INFO:colcon.colcon_core.shell:Creating prefix util module '/home/lujianyi/Documents/rb1101/install/_local_setup_util_ps1.py'
[3.878s] INFO:colcon.colcon_core.shell:Creating prefix chain script '/home/lujianyi/Documents/rb1101/install/setup.ps1'
[3.880s] INFO:colcon.colcon_core.shell:Creating prefix script '/home/lujianyi/Documents/rb1101/install/local_setup.sh'
[3.881s] INFO:colcon.colcon_core.shell:Creating prefix util module '/home/lujianyi/Documents/rb1101/install/_local_setup_util_sh.py'
[3.882s] INFO:colcon.colcon_core.shell:Creating prefix chain script '/home/lujianyi/Documents/rb1101/install/setup.sh'
[3.884s] INFO:colcon.colcon_core.shell:Creating prefix script '/home/lujianyi/Documents/rb1101/install/local_setup.bash'
[3.885s] INFO:colcon.colcon_core.shell:Creating prefix chain script '/home/lujianyi/Documents/rb1101/install/setup.bash'
[3.888s] INFO:colcon.colcon_core.shell:Creating prefix script '/home/lujianyi/Documents/rb1101/install/local_setup.zsh'
[3.890s] INFO:colcon.colcon_core.shell:Creating prefix chain script '/home/lujianyi/Documents/rb1101/install/setup.zsh'
