[0.119s] DEBUG:colcon:Command line arguments: ['/usr/bin/colcon', 'build', '--symlink-install']
[0.119s] DEBUG:colcon:Parsed command line arguments: Namespace(log_base=None, log_level=None, verb_name='build', build_base='build', install_base='install', merge_install=False, symlink_install=True, test_result_base=None, continue_on_error=False, executor='parallel', parallel_workers=20, event_handlers=None, ignore_user_meta=False, metas=['./colcon.meta'], base_paths=['.'], packages_ignore=None, packages_ignore_regex=None, paths=None, packages_up_to=None, packages_up_to_regex=None, packages_above=None, packages_above_and_dependencies=None, packages_above_depth=None, packages_select_by_dep=None, packages_skip_by_dep=None, packages_skip_up_to=None, packages_select_build_failed=False, packages_skip_build_finished=False, packages_select_test_failures=False, packages_skip_test_passed=False, packages_select=None, packages_skip=None, packages_select_regex=None, packages_skip_regex=None, packages_start=None, packages_end=None, allow_overriding=[], cmake_args=None, cmake_target=None, cmake_target_skip_unavailable=False, cmake_clean_cache=False, cmake_clean_first=False, cmake_force_configure=False, ament_cmake_args=None, catkin_cmake_args=None, catkin_skip_building_tests=False, mixin_files=None, mixin=None, verb_parser=<colcon_mixin.mixin.mixin_argument.MixinArgumentDecorator object at 0x7f6224667ce0>, verb_extension=<colcon_core.verb.build.BuildVerb object at 0x7f62246679e0>, main=<bound method BuildVerb.main of <colcon_core.verb.build.BuildVerb object at 0x7f62246679e0>>, mixin_verb=('build',))
[0.159s] Level 1:colcon.colcon_core.package_discovery:discover_packages(colcon_meta) check parameters
[0.159s] Level 1:colcon.colcon_core.package_discovery:discover_packages(recursive) check parameters
[0.159s] Level 1:colcon.colcon_core.package_discovery:discover_packages(ignore) check parameters
[0.159s] Level 1:colcon.colcon_core.package_discovery:discover_packages(path) check parameters
[0.159s] Level 1:colcon.colcon_core.package_discovery:discover_packages(colcon_meta) discover
[0.159s] Level 1:colcon.colcon_core.package_discovery:discover_packages(recursive) discover
[0.160s] INFO:colcon.colcon_core.package_discovery:Crawling recursively for packages in '/home/lujianyi/Documents/rb1101'
[0.160s] Level 1:colcon.colcon_core.package_identification:_identify(.) by extensions ['ignore', 'ignore_ament_install']
[0.160s] Level 1:colcon.colcon_core.package_identification:_identify(.) by extension 'ignore'
[0.160s] Level 1:colcon.colcon_core.package_identification:_identify(.) by extension 'ignore_ament_install'
[0.160s] Level 1:colcon.colcon_core.package_identification:_identify(.) by extensions ['colcon_pkg']
[0.160s] Level 1:colcon.colcon_core.package_identification:_identify(.) by extension 'colcon_pkg'
[0.160s] Level 1:colcon.colcon_core.package_identification:_identify(.) by extensions ['colcon_meta']
[0.160s] Level 1:colcon.colcon_core.package_identification:_identify(.) by extension 'colcon_meta'
[0.160s] Level 1:colcon.colcon_core.package_identification:_identify(.) by extensions ['ros']
[0.160s] Level 1:colcon.colcon_core.package_identification:_identify(.) by extension 'ros'
[0.185s] Level 1:colcon.colcon_core.package_identification:_identify(.) by extensions ['cmake', 'python']
[0.185s] Level 1:colcon.colcon_core.package_identification:_identify(.) by extension 'cmake'
[0.185s] Level 1:colcon.colcon_core.package_identification:_identify(.) by extension 'python'
[0.186s] Level 1:colcon.colcon_core.package_identification:_identify(.) by extensions ['python_setup_py']
[0.186s] Level 1:colcon.colcon_core.package_identification:_identify(.) by extension 'python_setup_py'
[0.186s] Level 1:colcon.colcon_core.package_identification:_identify(build) by extensions ['ignore', 'ignore_ament_install']
[0.186s] Level 1:colcon.colcon_core.package_identification:_identify(build) by extension 'ignore'
[0.186s] Level 1:colcon.colcon_core.package_identification:_identify(build) ignored
[0.186s] Level 1:colcon.colcon_core.package_identification:_identify(install) by extensions ['ignore', 'ignore_ament_install']
[0.186s] Level 1:colcon.colcon_core.package_identification:_identify(install) by extension 'ignore'
[0.186s] Level 1:colcon.colcon_core.package_identification:_identify(install) ignored
[0.186s] Level 1:colcon.colcon_core.package_identification:_identify(log) by extensions ['ignore', 'ignore_ament_install']
[0.186s] Level 1:colcon.colcon_core.package_identification:_identify(log) by extension 'ignore'
[0.186s] Level 1:colcon.colcon_core.package_identification:_identify(log) ignored
[0.186s] Level 1:colcon.colcon_core.package_identification:_identify(src) by extensions ['ignore', 'ignore_ament_install']
[0.186s] Level 1:colcon.colcon_core.package_identification:_identify(src) by extension 'ignore'
[0.186s] Level 1:colcon.colcon_core.package_identification:_identify(src) by extension 'ignore_ament_install'
[0.186s] Level 1:colcon.colcon_core.package_identification:_identify(src) by extensions ['colcon_pkg']
[0.186s] Level 1:colcon.colcon_core.package_identification:_identify(src) by extension 'colcon_pkg'
[0.186s] Level 1:colcon.colcon_core.package_identification:_identify(src) by extensions ['colcon_meta']
[0.186s] Level 1:colcon.colcon_core.package_identification:_identify(src) by extension 'colcon_meta'
[0.187s] Level 1:colcon.colcon_core.package_identification:_identify(src) by extensions ['ros']
[0.187s] Level 1:colcon.colcon_core.package_identification:_identify(src) by extension 'ros'
[0.187s] Level 1:colcon.colcon_core.package_identification:_identify(src) by extensions ['cmake', 'python']
[0.187s] Level 1:colcon.colcon_core.package_identification:_identify(src) by extension 'cmake'
[0.187s] Level 1:colcon.colcon_core.package_identification:_identify(src) by extension 'python'
[0.187s] Level 1:colcon.colcon_core.package_identification:_identify(src) by extensions ['python_setup_py']
[0.187s] Level 1:colcon.colcon_core.package_identification:_identify(src) by extension 'python_setup_py'
[0.187s] Level 1:colcon.colcon_core.package_identification:_identify(src/rb1101) by extensions ['ignore', 'ignore_ament_install']
[0.187s] Level 1:colcon.colcon_core.package_identification:_identify(src/rb1101) by extension 'ignore'
[0.187s] Level 1:colcon.colcon_core.package_identification:_identify(src/rb1101) by extension 'ignore_ament_install'
[0.187s] Level 1:colcon.colcon_core.package_identification:_identify(src/rb1101) by extensions ['colcon_pkg']
[0.187s] Level 1:colcon.colcon_core.package_identification:_identify(src/rb1101) by extension 'colcon_pkg'
[0.187s] Level 1:colcon.colcon_core.package_identification:_identify(src/rb1101) by extensions ['colcon_meta']
[0.187s] Level 1:colcon.colcon_core.package_identification:_identify(src/rb1101) by extension 'colcon_meta'
[0.187s] Level 1:colcon.colcon_core.package_identification:_identify(src/rb1101) by extensions ['ros']
[0.187s] Level 1:colcon.colcon_core.package_identification:_identify(src/rb1101) by extension 'ros'
[0.193s] DEBUG:colcon.colcon_core.package_identification:Package 'src/rb1101' with type 'ros.ament_python' and name 'rb1101'
[0.193s] Level 1:colcon.colcon_core.package_identification:_identify(src/rb1110_gz) by extensions ['ignore', 'ignore_ament_install']
[0.193s] Level 1:colcon.colcon_core.package_identification:_identify(src/rb1110_gz) by extension 'ignore'
[0.193s] Level 1:colcon.colcon_core.package_identification:_identify(src/rb1110_gz) by extension 'ignore_ament_install'
[0.193s] Level 1:colcon.colcon_core.package_identification:_identify(src/rb1110_gz) by extensions ['colcon_pkg']
[0.193s] Level 1:colcon.colcon_core.package_identification:_identify(src/rb1110_gz) by extension 'colcon_pkg'
[0.193s] Level 1:colcon.colcon_core.package_identification:_identify(src/rb1110_gz) by extensions ['colcon_meta']
[0.193s] Level 1:colcon.colcon_core.package_identification:_identify(src/rb1110_gz) by extension 'colcon_meta'
[0.193s] Level 1:colcon.colcon_core.package_identification:_identify(src/rb1110_gz) by extensions ['ros']
[0.193s] Level 1:colcon.colcon_core.package_identification:_identify(src/rb1110_gz) by extension 'ros'
[0.194s] DEBUG:colcon.colcon_core.package_identification:Package 'src/rb1110_gz' with type 'ros.ament_cmake' and name 'rb1101_gz'
[0.194s] Level 1:colcon.colcon_core.package_discovery:discover_packages(recursive) using defaults
[0.194s] Level 1:colcon.colcon_core.package_discovery:discover_packages(ignore) discover
[0.194s] Level 1:colcon.colcon_core.package_discovery:discover_packages(ignore) using defaults
[0.194s] Level 1:colcon.colcon_core.package_discovery:discover_packages(path) discover
[0.194s] Level 1:colcon.colcon_core.package_discovery:discover_packages(path) using defaults
[0.216s] Level 1:colcon.colcon_core.package_discovery:discover_packages(prefix_path) check parameters
[0.216s] Level 1:colcon.colcon_core.package_discovery:discover_packages(prefix_path) discover
[0.219s] DEBUG:colcon.colcon_installed_package_information.package_discovery:Found 315 installed packages in /opt/ros/jazzy
[0.220s] Level 1:colcon.colcon_core.package_discovery:discover_packages(prefix_path) using defaults
[0.258s] Level 5:colcon.colcon_core.verb:set package 'rb1101' build argument 'cmake_args' from command line to 'None'
[0.258s] Level 5:colcon.colcon_core.verb:set package 'rb1101' build argument 'cmake_target' from command line to 'None'
[0.258s] Level 5:colcon.colcon_core.verb:set package 'rb1101' build argument 'cmake_target_skip_unavailable' from command line to 'False'
[0.258s] Level 5:colcon.colcon_core.verb:set package 'rb1101' build argument 'cmake_clean_cache' from command line to 'False'
[0.258s] Level 5:colcon.colcon_core.verb:set package 'rb1101' build argument 'cmake_clean_first' from command line to 'False'
[0.258s] Level 5:colcon.colcon_core.verb:set package 'rb1101' build argument 'cmake_force_configure' from command line to 'False'
[0.258s] Level 5:colcon.colcon_core.verb:set package 'rb1101' build argument 'ament_cmake_args' from command line to 'None'
[0.258s] Level 5:colcon.colcon_core.verb:set package 'rb1101' build argument 'catkin_cmake_args' from command line to 'None'
[0.258s] Level 5:colcon.colcon_core.verb:set package 'rb1101' build argument 'catkin_skip_building_tests' from command line to 'False'
[0.258s] DEBUG:colcon.colcon_core.verb:Building package 'rb1101' with the following arguments: {'ament_cmake_args': None, 'build_base': '/home/lujianyi/Documents/rb1101/build/rb1101', 'catkin_cmake_args': None, 'catkin_skip_building_tests': False, 'cmake_args': None, 'cmake_clean_cache': False, 'cmake_clean_first': False, 'cmake_force_configure': False, 'cmake_target': None, 'cmake_target_skip_unavailable': False, 'install_base': '/home/lujianyi/Documents/rb1101/install/rb1101', 'merge_install': False, 'path': '/home/lujianyi/Documents/rb1101/src/rb1101', 'symlink_install': True, 'test_result_base': None}
[0.258s] Level 5:colcon.colcon_core.verb:set package 'rb1101_gz' build argument 'cmake_args' from command line to 'None'
[0.258s] Level 5:colcon.colcon_core.verb:set package 'rb1101_gz' build argument 'cmake_target' from command line to 'None'
[0.258s] Level 5:colcon.colcon_core.verb:set package 'rb1101_gz' build argument 'cmake_target_skip_unavailable' from command line to 'False'
[0.258s] Level 5:colcon.colcon_core.verb:set package 'rb1101_gz' build argument 'cmake_clean_cache' from command line to 'False'
[0.258s] Level 5:colcon.colcon_core.verb:set package 'rb1101_gz' build argument 'cmake_clean_first' from command line to 'False'
[0.258s] Level 5:colcon.colcon_core.verb:set package 'rb1101_gz' build argument 'cmake_force_configure' from command line to 'False'
[0.258s] Level 5:colcon.colcon_core.verb:set package 'rb1101_gz' build argument 'ament_cmake_args' from command line to 'None'
[0.258s] Level 5:colcon.colcon_core.verb:set package 'rb1101_gz' build argument 'catkin_cmake_args' from command line to 'None'
[0.258s] Level 5:colcon.colcon_core.verb:set package 'rb1101_gz' build argument 'catkin_skip_building_tests' from command line to 'False'
[0.258s] DEBUG:colcon.colcon_core.verb:Building package 'rb1101_gz' with the following arguments: {'ament_cmake_args': None, 'build_base': '/home/lujianyi/Documents/rb1101/build/rb1101_gz', 'catkin_cmake_args': None, 'catkin_skip_building_tests': False, 'cmake_args': None, 'cmake_clean_cache': False, 'cmake_clean_first': False, 'cmake_force_configure': False, 'cmake_target': None, 'cmake_target_skip_unavailable': False, 'install_base': '/home/lujianyi/Documents/rb1101/install/rb1101_gz', 'merge_install': False, 'path': '/home/lujianyi/Documents/rb1101/src/rb1110_gz', 'symlink_install': True, 'test_result_base': None}
[0.259s] INFO:colcon.colcon_core.executor:Executing jobs using 'parallel' executor
[0.260s] DEBUG:colcon.colcon_parallel_executor.executor.parallel:run_until_complete
[0.260s] INFO:colcon.colcon_ros.task.ament_python.build:Building ROS package in '/home/lujianyi/Documents/rb1101/src/rb1101' with build type 'ament_python'
[0.260s] Level 1:colcon.colcon_core.shell:create_environment_hook('rb1101', 'ament_prefix_path')
[0.262s] INFO:colcon.colcon_core.plugin_system:Skipping extension 'colcon_core.shell.bat': Not used on non-Windows systems
[0.262s] INFO:colcon.colcon_core.shell:Creating environment hook '/home/lujianyi/Documents/rb1101/install/rb1101/share/rb1101/hook/ament_prefix_path.ps1'
[0.264s] INFO:colcon.colcon_core.shell:Creating environment descriptor '/home/lujianyi/Documents/rb1101/install/rb1101/share/rb1101/hook/ament_prefix_path.dsv'
[0.264s] INFO:colcon.colcon_core.shell:Creating environment hook '/home/lujianyi/Documents/rb1101/install/rb1101/share/rb1101/hook/ament_prefix_path.sh'
[0.265s] INFO:colcon.colcon_core.shell:Skip shell extension 'powershell' for command environment: Not usable outside of PowerShell
[0.265s] DEBUG:colcon.colcon_core.shell:Skip shell extension 'dsv' for command environment
[0.268s] INFO:colcon.colcon_ros.task.ament_cmake.build:Building ROS package in '/home/lujianyi/Documents/rb1101/src/rb1110_gz' with build type 'ament_cmake'
[0.268s] INFO:colcon.colcon_cmake.task.cmake.build:Building CMake package in '/home/lujianyi/Documents/rb1101/src/rb1110_gz'
[0.268s] INFO:colcon.colcon_core.shell:Skip shell extension 'powershell' for command environment: Not usable outside of PowerShell
[0.269s] DEBUG:colcon.colcon_core.shell:Skip shell extension 'dsv' for command environment
[0.517s] INFO:colcon.colcon_core.task.python.build:Building Python package in '/home/lujianyi/Documents/rb1101/src/rb1101'
[0.518s] INFO:colcon.colcon_core.shell:Skip shell extension 'powershell' for command environment: Not usable outside of PowerShell
[0.518s] DEBUG:colcon.colcon_core.shell:Skip shell extension 'dsv' for command environment
[0.523s] DEBUG:colcon.colcon_core.event_handler.log_command:Invoking command in '/home/lujianyi/Documents/rb1101/build/rb1101_gz': CMAKE_PREFIX_PATH=${CMAKE_PREFIX_PATH}:/opt/ros/jazzy DEBUGINFOD_URLS=https://debuginfod.ubuntu.com /usr/bin/cmake /home/lujianyi/Documents/rb1101/src/rb1110_gz -DAMENT_CMAKE_SYMLINK_INSTALL=1 -DCMAKE_INSTALL_PREFIX=/home/lujianyi/Documents/rb1101/install/rb1101_gz
[1.266s] DEBUG:colcon.colcon_core.event_handler.log_command:Invoking command in '/home/lujianyi/Documents/rb1101/build/rb1101': DEBUGINFOD_URLS=https://debuginfod.ubuntu.com PYTHONPATH=/home/lujianyi/Documents/rb1101/build/rb1101/prefix_override:/usr/lib/python3/dist-packages/colcon_core/task/python/colcon_distutils_commands:/home/lujianyi/Documents/rb1101/install/rb1101/lib/python3.12/site-packages:${PYTHONPATH} /usr/bin/python3 -W ignore:setup.py install is deprecated -W ignore:easy_install command is deprecated setup.py develop --editable --build-directory /home/lujianyi/Documents/rb1101/build/rb1101/build --no-deps symlink_data
[1.484s] DEBUG:colcon.colcon_core.event_handler.log_command:Invoked command in '/home/lujianyi/Documents/rb1101/build/rb1101_gz' returned '0': CMAKE_PREFIX_PATH=${CMAKE_PREFIX_PATH}:/opt/ros/jazzy DEBUGINFOD_URLS=https://debuginfod.ubuntu.com /usr/bin/cmake /home/lujianyi/Documents/rb1101/src/rb1110_gz -DAMENT_CMAKE_SYMLINK_INSTALL=1 -DCMAKE_INSTALL_PREFIX=/home/lujianyi/Documents/rb1101/install/rb1101_gz
[1.484s] DEBUG:colcon.colcon_core.event_handler.log_command:Invoking command in '/home/lujianyi/Documents/rb1101/build/rb1101_gz': CMAKE_PREFIX_PATH=${CMAKE_PREFIX_PATH}:/opt/ros/jazzy DEBUGINFOD_URLS=https://debuginfod.ubuntu.com /usr/bin/cmake --build /home/lujianyi/Documents/rb1101/build/rb1101_gz -- -j20 -l20
[1.532s] DEBUG:colcon.colcon_core.event_handler.log_command:Invoked command in '/home/lujianyi/Documents/rb1101/build/rb1101_gz' returned '0': CMAKE_PREFIX_PATH=${CMAKE_PREFIX_PATH}:/opt/ros/jazzy DEBUGINFOD_URLS=https://debuginfod.ubuntu.com /usr/bin/cmake --build /home/lujianyi/Documents/rb1101/build/rb1101_gz -- -j20 -l20
[1.542s] DEBUG:colcon.colcon_core.event_handler.log_command:Invoking command in '/home/lujianyi/Documents/rb1101/build/rb1101_gz': CMAKE_PREFIX_PATH=${CMAKE_PREFIX_PATH}:/opt/ros/jazzy DEBUGINFOD_URLS=https://debuginfod.ubuntu.com /usr/bin/cmake --install /home/lujianyi/Documents/rb1101/build/rb1101_gz
[2.018s] Level 1:colcon.colcon_core.shell:create_environment_hook('rb1101', 'pythonpath_develop')
[2.019s] INFO:colcon.colcon_core.shell:Creating environment hook '/home/lujianyi/Documents/rb1101/build/rb1101/share/rb1101/hook/pythonpath_develop.ps1'
[2.020s] DEBUG:colcon.colcon_core.event_handler.log_command:Invoked command in '/home/lujianyi/Documents/rb1101/build/rb1101' returned '0': DEBUGINFOD_URLS=https://debuginfod.ubuntu.com PYTHONPATH=/home/lujianyi/Documents/rb1101/build/rb1101/prefix_override:/usr/lib/python3/dist-packages/colcon_core/task/python/colcon_distutils_commands:/home/lujianyi/Documents/rb1101/install/rb1101/lib/python3.12/site-packages:${PYTHONPATH} /usr/bin/python3 -W ignore:setup.py install is deprecated -W ignore:easy_install command is deprecated setup.py develop --editable --build-directory /home/lujianyi/Documents/rb1101/build/rb1101/build --no-deps symlink_data
[2.020s] INFO:colcon.colcon_core.shell:Creating environment descriptor '/home/lujianyi/Documents/rb1101/build/rb1101/share/rb1101/hook/pythonpath_develop.dsv'
[2.020s] INFO:colcon.colcon_core.shell:Creating environment hook '/home/lujianyi/Documents/rb1101/build/rb1101/share/rb1101/hook/pythonpath_develop.sh'
[2.025s] Level 1:colcon.colcon_core.environment:checking '/home/lujianyi/Documents/rb1101/install/rb1101' for CMake module files
[2.026s] Level 1:colcon.colcon_core.environment:checking '/home/lujianyi/Documents/rb1101/install/rb1101' for CMake config files
[2.027s] Level 1:colcon.colcon_core.environment:checking '/home/lujianyi/Documents/rb1101/install/rb1101/lib'
[2.027s] Level 1:colcon.colcon_core.environment:checking '/home/lujianyi/Documents/rb1101/install/rb1101/bin'
[2.027s] Level 1:colcon.colcon_core.environment:checking '/home/lujianyi/Documents/rb1101/install/rb1101/lib/pkgconfig/rb1101.pc'
[2.028s] Level 1:colcon.colcon_core.environment:checking '/home/lujianyi/Documents/rb1101/install/rb1101/lib/python3.12/site-packages'
[2.028s] Level 1:colcon.colcon_core.shell:create_environment_hook('rb1101', 'pythonpath')
[2.028s] INFO:colcon.colcon_core.shell:Creating environment hook '/home/lujianyi/Documents/rb1101/install/rb1101/share/rb1101/hook/pythonpath.ps1'
[2.029s] INFO:colcon.colcon_core.shell:Creating environment descriptor '/home/lujianyi/Documents/rb1101/install/rb1101/share/rb1101/hook/pythonpath.dsv'
[2.029s] INFO:colcon.colcon_core.shell:Creating environment hook '/home/lujianyi/Documents/rb1101/install/rb1101/share/rb1101/hook/pythonpath.sh'
[2.030s] Level 1:colcon.colcon_core.environment:checking '/home/lujianyi/Documents/rb1101/install/rb1101/bin'
[2.030s] Level 1:colcon.colcon_core.environment:create_environment_scripts_only(rb1101)
[2.030s] INFO:colcon.colcon_core.shell:Creating package script '/home/lujianyi/Documents/rb1101/install/rb1101/share/rb1101/package.ps1'
[2.031s] INFO:colcon.colcon_core.shell:Creating package descriptor '/home/lujianyi/Documents/rb1101/install/rb1101/share/rb1101/package.dsv'
[2.032s] INFO:colcon.colcon_core.shell:Creating package script '/home/lujianyi/Documents/rb1101/install/rb1101/share/rb1101/package.sh'
[2.033s] INFO:colcon.colcon_core.shell:Creating package script '/home/lujianyi/Documents/rb1101/install/rb1101/share/rb1101/package.bash'
[2.034s] INFO:colcon.colcon_core.shell:Creating package script '/home/lujianyi/Documents/rb1101/install/rb1101/share/rb1101/package.zsh'
[2.034s] Level 1:colcon.colcon_core.environment:create_file_with_runtime_dependencies(/home/lujianyi/Documents/rb1101/install/rb1101/share/colcon-core/packages/rb1101)
[2.146s] Level 1:colcon.colcon_core.environment:create_environment_scripts_only(rb1101_gz)
[2.147s] Level 1:colcon.colcon_core.environment:checking '/home/lujianyi/Documents/rb1101/install/rb1101_gz' for CMake module files
[2.147s] DEBUG:colcon.colcon_core.event_handler.log_command:Invoked command in '/home/lujianyi/Documents/rb1101/build/rb1101_gz' returned '0': CMAKE_PREFIX_PATH=${CMAKE_PREFIX_PATH}:/opt/ros/jazzy DEBUGINFOD_URLS=https://debuginfod.ubuntu.com /usr/bin/cmake --install /home/lujianyi/Documents/rb1101/build/rb1101_gz
[2.148s] Level 1:colcon.colcon_core.environment:checking '/home/lujianyi/Documents/rb1101/install/rb1101_gz' for CMake config files
[2.148s] Level 1:colcon.colcon_core.shell:create_environment_hook('rb1101_gz', 'cmake_prefix_path')
[2.148s] INFO:colcon.colcon_core.shell:Creating environment hook '/home/lujianyi/Documents/rb1101/install/rb1101_gz/share/rb1101_gz/hook/cmake_prefix_path.ps1'
[2.149s] INFO:colcon.colcon_core.shell:Creating environment descriptor '/home/lujianyi/Documents/rb1101/install/rb1101_gz/share/rb1101_gz/hook/cmake_prefix_path.dsv'
[2.149s] INFO:colcon.colcon_core.shell:Creating environment hook '/home/lujianyi/Documents/rb1101/install/rb1101_gz/share/rb1101_gz/hook/cmake_prefix_path.sh'
[2.149s] Level 1:colcon.colcon_core.environment:checking '/home/lujianyi/Documents/rb1101/install/rb1101_gz/bin'
[2.150s] Level 1:colcon.colcon_core.environment:checking '/home/lujianyi/Documents/rb1101/install/rb1101_gz/lib/pkgconfig/rb1101_gz.pc'
[2.150s] Level 1:colcon.colcon_core.environment:checking '/home/lujianyi/Documents/rb1101/install/rb1101_gz/lib/python3.12/site-packages'
[2.150s] Level 1:colcon.colcon_core.environment:checking '/home/lujianyi/Documents/rb1101/install/rb1101_gz/bin'
[2.150s] INFO:colcon.colcon_core.shell:Creating package script '/home/lujianyi/Documents/rb1101/install/rb1101_gz/share/rb1101_gz/package.ps1'
[2.151s] INFO:colcon.colcon_core.shell:Creating package descriptor '/home/lujianyi/Documents/rb1101/install/rb1101_gz/share/rb1101_gz/package.dsv'
[2.151s] INFO:colcon.colcon_core.shell:Creating package script '/home/lujianyi/Documents/rb1101/install/rb1101_gz/share/rb1101_gz/package.sh'
[2.151s] INFO:colcon.colcon_core.shell:Creating package script '/home/lujianyi/Documents/rb1101/install/rb1101_gz/share/rb1101_gz/package.bash'
[2.152s] INFO:colcon.colcon_core.shell:Creating package script '/home/lujianyi/Documents/rb1101/install/rb1101_gz/share/rb1101_gz/package.zsh'
[2.152s] Level 1:colcon.colcon_core.environment:create_file_with_runtime_dependencies(/home/lujianyi/Documents/rb1101/install/rb1101_gz/share/colcon-core/packages/rb1101_gz)
[2.152s] Level 1:colcon.colcon_core.environment:create_environment_scripts_only(rb1101_gz)
[2.152s] Level 1:colcon.colcon_core.environment:checking '/home/lujianyi/Documents/rb1101/install/rb1101_gz' for CMake module files
[2.153s] Level 1:colcon.colcon_core.environment:checking '/home/lujianyi/Documents/rb1101/install/rb1101_gz' for CMake config files
[2.153s] Level 1:colcon.colcon_core.shell:create_environment_hook('rb1101_gz', 'cmake_prefix_path')
[2.153s] INFO:colcon.colcon_core.shell:Creating environment hook '/home/lujianyi/Documents/rb1101/install/rb1101_gz/share/rb1101_gz/hook/cmake_prefix_path.ps1'
[2.154s] INFO:colcon.colcon_core.shell:Creating environment descriptor '/home/lujianyi/Documents/rb1101/install/rb1101_gz/share/rb1101_gz/hook/cmake_prefix_path.dsv'
[2.154s] INFO:colcon.colcon_core.shell:Creating environment hook '/home/lujianyi/Documents/rb1101/install/rb1101_gz/share/rb1101_gz/hook/cmake_prefix_path.sh'
[2.155s] Level 1:colcon.colcon_core.environment:checking '/home/lujianyi/Documents/rb1101/install/rb1101_gz/bin'
[2.155s] Level 1:colcon.colcon_core.environment:checking '/home/lujianyi/Documents/rb1101/install/rb1101_gz/lib/pkgconfig/rb1101_gz.pc'
[2.155s] Level 1:colcon.colcon_core.environment:checking '/home/lujianyi/Documents/rb1101/install/rb1101_gz/lib/python3.12/site-packages'
[2.155s] Level 1:colcon.colcon_core.environment:checking '/home/lujianyi/Documents/rb1101/install/rb1101_gz/bin'
[2.155s] INFO:colcon.colcon_core.shell:Creating package script '/home/lujianyi/Documents/rb1101/install/rb1101_gz/share/rb1101_gz/package.ps1'
[2.156s] INFO:colcon.colcon_core.shell:Creating package descriptor '/home/lujianyi/Documents/rb1101/install/rb1101_gz/share/rb1101_gz/package.dsv'
[2.156s] INFO:colcon.colcon_core.shell:Creating package script '/home/lujianyi/Documents/rb1101/install/rb1101_gz/share/rb1101_gz/package.sh'
[2.156s] INFO:colcon.colcon_core.shell:Creating package script '/home/lujianyi/Documents/rb1101/install/rb1101_gz/share/rb1101_gz/package.bash'
[2.157s] INFO:colcon.colcon_core.shell:Creating package script '/home/lujianyi/Documents/rb1101/install/rb1101_gz/share/rb1101_gz/package.zsh'
[2.157s] Level 1:colcon.colcon_core.environment:create_file_with_runtime_dependencies(/home/lujianyi/Documents/rb1101/install/rb1101_gz/share/colcon-core/packages/rb1101_gz)
[2.157s] DEBUG:colcon.colcon_parallel_executor.executor.parallel:closing loop
[2.158s] DEBUG:colcon.colcon_parallel_executor.executor.parallel:loop closed
[2.158s] DEBUG:colcon.colcon_parallel_executor.executor.parallel:run_until_complete finished with '0'
[2.158s] DEBUG:colcon.colcon_core.event_reactor:joining thread
[2.163s] INFO:colcon.colcon_core.plugin_system:Skipping extension 'colcon_notification.desktop_notification.terminal_notifier': Not used on non-Darwin systems
[2.163s] INFO:colcon.colcon_core.plugin_system:Skipping extension 'colcon_notification.desktop_notification.win32': Not used on non-Windows systems
[2.163s] INFO:colcon.colcon_notification.desktop_notification:Sending desktop notification using 'notify2'
[2.182s] DEBUG:colcon.colcon_core.event_reactor:joined thread
[2.183s] INFO:colcon.colcon_core.shell:Creating prefix script '/home/lujianyi/Documents/rb1101/install/local_setup.ps1'
[2.184s] INFO:colcon.colcon_core.shell:Creating prefix util module '/home/lujianyi/Documents/rb1101/install/_local_setup_util_ps1.py'
[2.185s] INFO:colcon.colcon_core.shell:Creating prefix chain script '/home/lujianyi/Documents/rb1101/install/setup.ps1'
[2.185s] INFO:colcon.colcon_core.shell:Creating prefix script '/home/lujianyi/Documents/rb1101/install/local_setup.sh'
[2.186s] INFO:colcon.colcon_core.shell:Creating prefix util module '/home/lujianyi/Documents/rb1101/install/_local_setup_util_sh.py'
[2.186s] INFO:colcon.colcon_core.shell:Creating prefix chain script '/home/lujianyi/Documents/rb1101/install/setup.sh'
[2.187s] INFO:colcon.colcon_core.shell:Creating prefix script '/home/lujianyi/Documents/rb1101/install/local_setup.bash'
[2.188s] INFO:colcon.colcon_core.shell:Creating prefix chain script '/home/lujianyi/Documents/rb1101/install/setup.bash'
[2.189s] INFO:colcon.colcon_core.shell:Creating prefix script '/home/lujianyi/Documents/rb1101/install/local_setup.zsh'
[2.189s] INFO:colcon.colcon_core.shell:Creating prefix chain script '/home/lujianyi/Documents/rb1101/install/setup.zsh'
